
> castora-web@0.1.0 start
> react-scripts start

Starting the development server...

Compiled with warnings.

[eslint] 
src\components\FinalPresentation.js
  Line 16:11:  'isAudioPlaying' is assigned a value but never used  no-unused-vars

src\components\Sidebar.js
  Line 25:7:  React Hook useEffect has a missing dependency: 'loadSessions'. Either include it or remove the dependency array  react-hooks/exhaustive-deps

src\components\SourceSelection.js
  Line 3:4:  'Settings' is defined but never used  no-unused-vars

src\pages\Articles.js
  Line 13:20:  'setPerPage' is assigned a value but never used  no-unused-vars

src\pages\PodcastDetail.js
  Line 2:21:  'Link' is defined but never used         no-unused-vars
  Line 4:4:   'ChevronDown' is defined but never used  no-unused-vars
  Line 5:4:   'ChevronUp' is defined but never used    no-unused-vars
  Line 6:4:   'Eye' is defined but never used          no-unused-vars
  Line 13:4:  'Users' is defined but never used        no-unused-vars
  Line 16:4:  'Download' is defined but never used     no-unused-vars
  Line 20:4:  'Pause' is defined but never used        no-unused-vars

src\pages\Podcasts.js
  Line 59:20:  'setPerPage' is assigned a value but never used  no-unused-vars

src\pages\SourceDetail.js
  Line 35:7:  React Hook useEffect has a missing dependency: 'fetchSourceDetail'. Either include it or remove the dependency array  react-hooks/exhaustive-deps

src\pages\Sources.js
  Line 13:20:  'setPerPage' is assigned a value but never used  no-unused-vars

src\pages\StudioChat.js
  Line 16:10:  'navigate' is assigned a value but never used                                                                           no-unused-vars
  Line 32:11:  'showRecordingPlayer' is assigned a value but never used                                                                no-unused-vars
  Line 52:7:   React Hook useEffect has a missing dependency: 'sessionState.stage'. Either include it or remove the dependency array   react-hooks/exhaustive-deps
  Line 72:7:   React Hook useEffect has a missing dependency: 'initializeSession'. Either include it or remove the dependency array    react-hooks/exhaustive-deps
  Line 517:7:  React Hook useCallback has a missing dependency: 'sendDirectMessage'. Either include it or remove the dependency array  react-hooks/exhaustive-deps
  Line 526:7:  React Hook useCallback has a missing dependency: 'sendDirectMessage'. Either include it or remove the dependency array  react-hooks/exhaustive-deps
  Line 535:7:  React Hook useCallback has a missing dependency: 'sendDirectMessage'. Either include it or remove the dependency array  react-hooks/exhaustive-deps

src\pages\StudioLanding.js
  Line 7:11:  'sessionCount' is assigned a value but never used  no-unused-vars

src\pages\Voyager.js
  Line 18:30:  'setExecutionsPerPage' is assigned a value but never used                                                                                                        no-unused-vars
  Line 88:7:   React Hook useEffect has missing dependencies: 'executionsPage', 'loadTaskExecutions', and 'selectedTaskId'. Either include them or remove the dependency array  react-hooks/exhaustive-deps

Search for the keywords to learn more about each warning.
To ignore, add // eslint-disable-next-line to the line before.

WARNING in [eslint] 
src\components\FinalPresentation.js
  Line 16:11:  'isAudioPlaying' is assigned a value but never used  no-unused-vars

src\components\Sidebar.js
  Line 25:7:  React Hook useEffect has a missing dependency: 'loadSessions'. Either include it or remove the dependency array  react-hooks/exhaustive-deps

src\components\SourceSelection.js
  Line 3:4:  'Settings' is defined but never used  no-unused-vars

src\pages\Articles.js
  Line 13:20:  'setPerPage' is assigned a value but never used  no-unused-vars

src\pages\PodcastDetail.js
  Line 2:21:  'Link' is defined but never used         no-unused-vars
  Line 4:4:   'ChevronDown' is defined but never used  no-unused-vars
  Line 5:4:   'ChevronUp' is defined but never used    no-unused-vars
  Line 6:4:   'Eye' is defined but never used          no-unused-vars
  Line 13:4:  'Users' is defined but never used        no-unused-vars
  Line 16:4:  'Download' is defined but never used     no-unused-vars
  Line 20:4:  'Pause' is defined but never used        no-unused-vars

src\pages\Podcasts.js
  Line 59:20:  'setPerPage' is assigned a value but never used  no-unused-vars

src\pages\SourceDetail.js
  Line 35:7:  React Hook useEffect has a missing dependency: 'fetchSourceDetail'. Either include it or remove the dependency array  react-hooks/exhaustive-deps

src\pages\Sources.js
  Line 13:20:  'setPerPage' is assigned a value but never used  no-unused-vars

src\pages\StudioChat.js
  Line 16:10:  'navigate' is assigned a value but never used                                                                           no-unused-vars
  Line 32:11:  'showRecordingPlayer' is assigned a value but never used                                                                no-unused-vars
  Line 52:7:   React Hook useEffect has a missing dependency: 'sessionState.stage'. Either include it or remove the dependency array   react-hooks/exhaustive-deps
  Line 72:7:   React Hook useEffect has a missing dependency: 'initializeSession'. Either include it or remove the dependency array    react-hooks/exhaustive-deps
  Line 517:7:  React Hook useCallback has a missing dependency: 'sendDirectMessage'. Either include it or remove the dependency array  react-hooks/exhaustive-deps
  Line 526:7:  React Hook useCallback has a missing dependency: 'sendDirectMessage'. Either include it or remove the dependency array  react-hooks/exhaustive-deps
  Line 535:7:  React Hook useCallback has a missing dependency: 'sendDirectMessage'. Either include it or remove the dependency array  react-hooks/exhaustive-deps

src\pages\StudioLanding.js
  Line 7:11:  'sessionCount' is assigned a value but never used  no-unused-vars

src\pages\Voyager.js
  Line 18:30:  'setExecutionsPerPage' is assigned a value but never used                                                                                                        no-unused-vars
  Line 88:7:   React Hook useEffect has missing dependencies: 'executionsPage', 'loadTaskExecutions', and 'selectedTaskId'. Either include them or remove the dependency array  react-hooks/exhaustive-deps

webpack compiled with 1 warning
Compiling...
Compiled with warnings.

[eslint] 
src\components\FinalPresentation.js
  Line 16:11:  'isAudioPlaying' is assigned a value but never used  no-unused-vars

src\components\Sidebar.js
  Line 25:7:  React Hook useEffect has a missing dependency: 'loadSessions'. Either include it or remove the dependency array  react-hooks/exhaustive-deps

src\components\SourceSelection.js
  Line 3:4:  'Settings' is defined but never used  no-unused-vars

src\pages\Articles.js
  Line 13:20:  'setPerPage' is assigned a value but never used       no-unused-vars
  Line 90:10:  'isSameLocalDate' is assigned a value but never used  no-unused-vars

src\pages\PodcastDetail.js
  Line 2:21:  'Link' is defined but never used         no-unused-vars
  Line 4:4:   'ChevronDown' is defined but never used  no-unused-vars
  Line 5:4:   'ChevronUp' is defined but never used    no-unused-vars
  Line 6:4:   'Eye' is defined but never used          no-unused-vars
  Line 13:4:  'Users' is defined but never used        no-unused-vars
  Line 16:4:  'Download' is defined but never used     no-unused-vars
  Line 20:4:  'Pause' is defined but never used        no-unused-vars

src\pages\Podcasts.js
  Line 59:20:  'setPerPage' is assigned a value but never used  no-unused-vars

src\pages\SourceDetail.js
  Line 35:7:  React Hook useEffect has a missing dependency: 'fetchSourceDetail'. Either include it or remove the dependency array  react-hooks/exhaustive-deps

src\pages\Sources.js
  Line 13:20:  'setPerPage' is assigned a value but never used  no-unused-vars

src\pages\StudioChat.js
  Line 16:10:  'navigate' is assigned a value but never used                                                                           no-unused-vars
  Line 32:11:  'showRecordingPlayer' is assigned a value but never used                                                                no-unused-vars
  Line 52:7:   React Hook useEffect has a missing dependency: 'sessionState.stage'. Either include it or remove the dependency array   react-hooks/exhaustive-deps
  Line 72:7:   React Hook useEffect has a missing dependency: 'initializeSession'. Either include it or remove the dependency array    react-hooks/exhaustive-deps
  Line 517:7:  React Hook useCallback has a missing dependency: 'sendDirectMessage'. Either include it or remove the dependency array  react-hooks/exhaustive-deps
  Line 526:7:  React Hook useCallback has a missing dependency: 'sendDirectMessage'. Either include it or remove the dependency array  react-hooks/exhaustive-deps
  Line 535:7:  React Hook useCallback has a missing dependency: 'sendDirectMessage'. Either include it or remove the dependency array  react-hooks/exhaustive-deps

src\pages\StudioLanding.js
  Line 7:11:  'sessionCount' is assigned a value but never used  no-unused-vars

src\pages\Voyager.js
  Line 18:30:  'setExecutionsPerPage' is assigned a value but never used                                                                                                        no-unused-vars
  Line 88:7:   React Hook useEffect has missing dependencies: 'executionsPage', 'loadTaskExecutions', and 'selectedTaskId'. Either include them or remove the dependency array  react-hooks/exhaustive-deps

Search for the keywords to learn more about each warning.
To ignore, add // eslint-disable-next-line to the line before.

WARNING in [eslint] 
src\components\FinalPresentation.js
  Line 16:11:  'isAudioPlaying' is assigned a value but never used  no-unused-vars

src\components\Sidebar.js
  Line 25:7:  React Hook useEffect has a missing dependency: 'loadSessions'. Either include it or remove the dependency array  react-hooks/exhaustive-deps

src\components\SourceSelection.js
  Line 3:4:  'Settings' is defined but never used  no-unused-vars

src\pages\Articles.js
  Line 13:20:  'setPerPage' is assigned a value but never used       no-unused-vars
  Line 90:10:  'isSameLocalDate' is assigned a value but never used  no-unused-vars

src\pages\PodcastDetail.js
  Line 2:21:  'Link' is defined but never used         no-unused-vars
  Line 4:4:   'ChevronDown' is defined but never used  no-unused-vars
  Line 5:4:   'ChevronUp' is defined but never used    no-unused-vars
  Line 6:4:   'Eye' is defined but never used          no-unused-vars
  Line 13:4:  'Users' is defined but never used        no-unused-vars
  Line 16:4:  'Download' is defined but never used     no-unused-vars
  Line 20:4:  'Pause' is defined but never used        no-unused-vars

src\pages\Podcasts.js
  Line 59:20:  'setPerPage' is assigned a value but never used  no-unused-vars

src\pages\SourceDetail.js
  Line 35:7:  React Hook useEffect has a missing dependency: 'fetchSourceDetail'. Either include it or remove the dependency array  react-hooks/exhaustive-deps

src\pages\Sources.js
  Line 13:20:  'setPerPage' is assigned a value but never used  no-unused-vars

src\pages\StudioChat.js
  Line 16:10:  'navigate' is assigned a value but never used                                                                           no-unused-vars
  Line 32:11:  'showRecordingPlayer' is assigned a value but never used                                                                no-unused-vars
  Line 52:7:   React Hook useEffect has a missing dependency: 'sessionState.stage'. Either include it or remove the dependency array   react-hooks/exhaustive-deps
  Line 72:7:   React Hook useEffect has a missing dependency: 'initializeSession'. Either include it or remove the dependency array    react-hooks/exhaustive-deps
  Line 517:7:  React Hook useCallback has a missing dependency: 'sendDirectMessage'. Either include it or remove the dependency array  react-hooks/exhaustive-deps
  Line 526:7:  React Hook useCallback has a missing dependency: 'sendDirectMessage'. Either include it or remove the dependency array  react-hooks/exhaustive-deps
  Line 535:7:  React Hook useCallback has a missing dependency: 'sendDirectMessage'. Either include it or remove the dependency array  react-hooks/exhaustive-deps

src\pages\StudioLanding.js
  Line 7:11:  'sessionCount' is assigned a value but never used  no-unused-vars

src\pages\Voyager.js
  Line 18:30:  'setExecutionsPerPage' is assigned a value but never used                                                                                                        no-unused-vars
  Line 88:7:   React Hook useEffect has missing dependencies: 'executionsPage', 'loadTaskExecutions', and 'selectedTaskId'. Either include them or remove the dependency array  react-hooks/exhaustive-deps

webpack compiled with 1 warning
Compiling...
Compiled with warnings.

[eslint] 
src\components\FinalPresentation.js
  Line 16:11:  'isAudioPlaying' is assigned a value but never used  no-unused-vars

src\components\Sidebar.js
  Line 25:7:  React Hook useEffect has a missing dependency: 'loadSessions'. Either include it or remove the dependency array  react-hooks/exhaustive-deps

src\components\SourceSelection.js
  Line 3:4:  'Settings' is defined but never used  no-unused-vars

src\pages\Articles.js
  Line 13:20:  'setPerPage' is assigned a value but never used       no-unused-vars
  Line 90:10:  'isSameLocalDate' is assigned a value but never used  no-unused-vars

src\pages\PodcastDetail.js
  Line 2:21:  'Link' is defined but never used         no-unused-vars
  Line 4:4:   'ChevronDown' is defined but never used  no-unused-vars
  Line 5:4:   'ChevronUp' is defined but never used    no-unused-vars
  Line 6:4:   'Eye' is defined but never used          no-unused-vars
  Line 13:4:  'Users' is defined but never used        no-unused-vars
  Line 16:4:  'Download' is defined but never used     no-unused-vars
  Line 20:4:  'Pause' is defined but never used        no-unused-vars

src\pages\Podcasts.js
  Line 59:20:  'setPerPage' is assigned a value but never used  no-unused-vars

src\pages\SourceDetail.js
  Line 35:7:  React Hook useEffect has a missing dependency: 'fetchSourceDetail'. Either include it or remove the dependency array  react-hooks/exhaustive-deps

src\pages\Sources.js
  Line 13:20:  'setPerPage' is assigned a value but never used  no-unused-vars

src\pages\StudioChat.js
  Line 16:10:  'navigate' is assigned a value but never used                                                                           no-unused-vars
  Line 32:11:  'showRecordingPlayer' is assigned a value but never used                                                                no-unused-vars
  Line 52:7:   React Hook useEffect has a missing dependency: 'sessionState.stage'. Either include it or remove the dependency array   react-hooks/exhaustive-deps
  Line 72:7:   React Hook useEffect has a missing dependency: 'initializeSession'. Either include it or remove the dependency array    react-hooks/exhaustive-deps
  Line 517:7:  React Hook useCallback has a missing dependency: 'sendDirectMessage'. Either include it or remove the dependency array  react-hooks/exhaustive-deps
  Line 526:7:  React Hook useCallback has a missing dependency: 'sendDirectMessage'. Either include it or remove the dependency array  react-hooks/exhaustive-deps
  Line 535:7:  React Hook useCallback has a missing dependency: 'sendDirectMessage'. Either include it or remove the dependency array  react-hooks/exhaustive-deps

src\pages\StudioLanding.js
  Line 7:11:  'sessionCount' is assigned a value but never used  no-unused-vars

src\pages\Voyager.js
  Line 18:30:  'setExecutionsPerPage' is assigned a value but never used                                                                                                        no-unused-vars
  Line 88:7:   React Hook useEffect has missing dependencies: 'executionsPage', 'loadTaskExecutions', and 'selectedTaskId'. Either include them or remove the dependency array  react-hooks/exhaustive-deps

Search for the keywords to learn more about each warning.
To ignore, add // eslint-disable-next-line to the line before.

WARNING in [eslint] 
src\components\FinalPresentation.js
  Line 16:11:  'isAudioPlaying' is assigned a value but never used  no-unused-vars

src\components\Sidebar.js
  Line 25:7:  React Hook useEffect has a missing dependency: 'loadSessions'. Either include it or remove the dependency array  react-hooks/exhaustive-deps

src\components\SourceSelection.js
  Line 3:4:  'Settings' is defined but never used  no-unused-vars

src\pages\Articles.js
  Line 13:20:  'setPerPage' is assigned a value but never used       no-unused-vars
  Line 90:10:  'isSameLocalDate' is assigned a value but never used  no-unused-vars

src\pages\PodcastDetail.js
  Line 2:21:  'Link' is defined but never used         no-unused-vars
  Line 4:4:   'ChevronDown' is defined but never used  no-unused-vars
  Line 5:4:   'ChevronUp' is defined but never used    no-unused-vars
  Line 6:4:   'Eye' is defined but never used          no-unused-vars
  Line 13:4:  'Users' is defined but never used        no-unused-vars
  Line 16:4:  'Download' is defined but never used     no-unused-vars
  Line 20:4:  'Pause' is defined but never used        no-unused-vars

src\pages\Podcasts.js
  Line 59:20:  'setPerPage' is assigned a value but never used  no-unused-vars

src\pages\SourceDetail.js
  Line 35:7:  React Hook useEffect has a missing dependency: 'fetchSourceDetail'. Either include it or remove the dependency array  react-hooks/exhaustive-deps

src\pages\Sources.js
  Line 13:20:  'setPerPage' is assigned a value but never used  no-unused-vars

src\pages\StudioChat.js
  Line 16:10:  'navigate' is assigned a value but never used                                                                           no-unused-vars
  Line 32:11:  'showRecordingPlayer' is assigned a value but never used                                                                no-unused-vars
  Line 52:7:   React Hook useEffect has a missing dependency: 'sessionState.stage'. Either include it or remove the dependency array   react-hooks/exhaustive-deps
  Line 72:7:   React Hook useEffect has a missing dependency: 'initializeSession'. Either include it or remove the dependency array    react-hooks/exhaustive-deps
  Line 517:7:  React Hook useCallback has a missing dependency: 'sendDirectMessage'. Either include it or remove the dependency array  react-hooks/exhaustive-deps
  Line 526:7:  React Hook useCallback has a missing dependency: 'sendDirectMessage'. Either include it or remove the dependency array  react-hooks/exhaustive-deps
  Line 535:7:  React Hook useCallback has a missing dependency: 'sendDirectMessage'. Either include it or remove the dependency array  react-hooks/exhaustive-deps

src\pages\StudioLanding.js
  Line 7:11:  'sessionCount' is assigned a value but never used  no-unused-vars

src\pages\Voyager.js
  Line 18:30:  'setExecutionsPerPage' is assigned a value but never used                                                                                                        no-unused-vars
  Line 88:7:   React Hook useEffect has missing dependencies: 'executionsPage', 'loadTaskExecutions', and 'selectedTaskId'. Either include them or remove the dependency array  react-hooks/exhaustive-deps

webpack compiled with 1 warning
Compiling...
Compiled with warnings.

[eslint] 
src\components\FinalPresentation.js
  Line 16:11:  'isAudioPlaying' is assigned a value but never used  no-unused-vars

src\components\Sidebar.js
  Line 25:7:  React Hook useEffect has a missing dependency: 'loadSessions'. Either include it or remove the dependency array  react-hooks/exhaustive-deps

src\components\SourceSelection.js
  Line 3:4:  'Settings' is defined but never used  no-unused-vars

src\pages\Articles.js
  Line 90:10:  'isSameLocalDate' is assigned a value but never used  no-unused-vars

src\pages\PodcastDetail.js
  Line 2:21:  'Link' is defined but never used         no-unused-vars
  Line 4:4:   'ChevronDown' is defined but never used  no-unused-vars
  Line 5:4:   'ChevronUp' is defined but never used    no-unused-vars
  Line 6:4:   'Eye' is defined but never used          no-unused-vars
  Line 13:4:  'Users' is defined but never used        no-unused-vars
  Line 16:4:  'Download' is defined but never used     no-unused-vars
  Line 20:4:  'Pause' is defined but never used        no-unused-vars

src\pages\Podcasts.js
  Line 59:20:  'setPerPage' is assigned a value but never used  no-unused-vars

src\pages\SourceDetail.js
  Line 35:7:  React Hook useEffect has a missing dependency: 'fetchSourceDetail'. Either include it or remove the dependency array  react-hooks/exhaustive-deps

src\pages\Sources.js
  Line 13:20:  'setPerPage' is assigned a value but never used  no-unused-vars

src\pages\StudioChat.js
  Line 16:10:  'navigate' is assigned a value but never used                                                                           no-unused-vars
  Line 32:11:  'showRecordingPlayer' is assigned a value but never used                                                                no-unused-vars
  Line 52:7:   React Hook useEffect has a missing dependency: 'sessionState.stage'. Either include it or remove the dependency array   react-hooks/exhaustive-deps
  Line 72:7:   React Hook useEffect has a missing dependency: 'initializeSession'. Either include it or remove the dependency array    react-hooks/exhaustive-deps
  Line 517:7:  React Hook useCallback has a missing dependency: 'sendDirectMessage'. Either include it or remove the dependency array  react-hooks/exhaustive-deps
  Line 526:7:  React Hook useCallback has a missing dependency: 'sendDirectMessage'. Either include it or remove the dependency array  react-hooks/exhaustive-deps
  Line 535:7:  React Hook useCallback has a missing dependency: 'sendDirectMessage'. Either include it or remove the dependency array  react-hooks/exhaustive-deps

src\pages\StudioLanding.js
  Line 7:11:  'sessionCount' is assigned a value but never used  no-unused-vars

src\pages\Voyager.js
  Line 18:30:  'setExecutionsPerPage' is assigned a value but never used                                                                                                        no-unused-vars
  Line 88:7:   React Hook useEffect has missing dependencies: 'executionsPage', 'loadTaskExecutions', and 'selectedTaskId'. Either include them or remove the dependency array  react-hooks/exhaustive-deps

Search for the keywords to learn more about each warning.
To ignore, add // eslint-disable-next-line to the line before.

WARNING in [eslint] 
src\components\FinalPresentation.js
  Line 16:11:  'isAudioPlaying' is assigned a value but never used  no-unused-vars

src\components\Sidebar.js
  Line 25:7:  React Hook useEffect has a missing dependency: 'loadSessions'. Either include it or remove the dependency array  react-hooks/exhaustive-deps

src\components\SourceSelection.js
  Line 3:4:  'Settings' is defined but never used  no-unused-vars

src\pages\Articles.js
  Line 90:10:  'isSameLocalDate' is assigned a value but never used  no-unused-vars

src\pages\PodcastDetail.js
  Line 2:21:  'Link' is defined but never used         no-unused-vars
  Line 4:4:   'ChevronDown' is defined but never used  no-unused-vars
  Line 5:4:   'ChevronUp' is defined but never used    no-unused-vars
  Line 6:4:   'Eye' is defined but never used          no-unused-vars
  Line 13:4:  'Users' is defined but never used        no-unused-vars
  Line 16:4:  'Download' is defined but never used     no-unused-vars
  Line 20:4:  'Pause' is defined but never used        no-unused-vars

src\pages\Podcasts.js
  Line 59:20:  'setPerPage' is assigned a value but never used  no-unused-vars

src\pages\SourceDetail.js
  Line 35:7:  React Hook useEffect has a missing dependency: 'fetchSourceDetail'. Either include it or remove the dependency array  react-hooks/exhaustive-deps

src\pages\Sources.js
  Line 13:20:  'setPerPage' is assigned a value but never used  no-unused-vars

src\pages\StudioChat.js
  Line 16:10:  'navigate' is assigned a value but never used                                                                           no-unused-vars
  Line 32:11:  'showRecordingPlayer' is assigned a value but never used                                                                no-unused-vars
  Line 52:7:   React Hook useEffect has a missing dependency: 'sessionState.stage'. Either include it or remove the dependency array   react-hooks/exhaustive-deps
  Line 72:7:   React Hook useEffect has a missing dependency: 'initializeSession'. Either include it or remove the dependency array    react-hooks/exhaustive-deps
  Line 517:7:  React Hook useCallback has a missing dependency: 'sendDirectMessage'. Either include it or remove the dependency array  react-hooks/exhaustive-deps
  Line 526:7:  React Hook useCallback has a missing dependency: 'sendDirectMessage'. Either include it or remove the dependency array  react-hooks/exhaustive-deps
  Line 535:7:  React Hook useCallback has a missing dependency: 'sendDirectMessage'. Either include it or remove the dependency array  react-hooks/exhaustive-deps

src\pages\StudioLanding.js
  Line 7:11:  'sessionCount' is assigned a value but never used  no-unused-vars

src\pages\Voyager.js
  Line 18:30:  'setExecutionsPerPage' is assigned a value but never used                                                                                                        no-unused-vars
  Line 88:7:   React Hook useEffect has missing dependencies: 'executionsPage', 'loadTaskExecutions', and 'selectedTaskId'. Either include them or remove the dependency array  react-hooks/exhaustive-deps

webpack compiled with 1 warning
Compiling...
Compiled with warnings.

[eslint] 
src\components\FinalPresentation.js
  Line 16:11:  'isAudioPlaying' is assigned a value but never used  no-unused-vars

src\components\Sidebar.js
  Line 25:7:  React Hook useEffect has a missing dependency: 'loadSessions'. Either include it or remove the dependency array  react-hooks/exhaustive-deps

src\components\SourceSelection.js
  Line 3:4:  'Settings' is defined but never used  no-unused-vars

src\pages\Articles.js
  Line 90:10:  'isSameLocalDate' is assigned a value but never used  no-unused-vars

src\pages\PodcastDetail.js
  Line 2:21:  'Link' is defined but never used         no-unused-vars
  Line 4:4:   'ChevronDown' is defined but never used  no-unused-vars
  Line 5:4:   'ChevronUp' is defined but never used    no-unused-vars
  Line 6:4:   'Eye' is defined but never used          no-unused-vars
  Line 13:4:  'Users' is defined but never used        no-unused-vars
  Line 16:4:  'Download' is defined but never used     no-unused-vars
  Line 20:4:  'Pause' is defined but never used        no-unused-vars

src\pages\SourceDetail.js
  Line 35:7:  React Hook useEffect has a missing dependency: 'fetchSourceDetail'. Either include it or remove the dependency array  react-hooks/exhaustive-deps

src\pages\Sources.js
  Line 13:20:  'setPerPage' is assigned a value but never used  no-unused-vars

src\pages\StudioChat.js
  Line 16:10:  'navigate' is assigned a value but never used                                                                           no-unused-vars
  Line 32:11:  'showRecordingPlayer' is assigned a value but never used                                                                no-unused-vars
  Line 52:7:   React Hook useEffect has a missing dependency: 'sessionState.stage'. Either include it or remove the dependency array   react-hooks/exhaustive-deps
  Line 72:7:   React Hook useEffect has a missing dependency: 'initializeSession'. Either include it or remove the dependency array    react-hooks/exhaustive-deps
  Line 517:7:  React Hook useCallback has a missing dependency: 'sendDirectMessage'. Either include it or remove the dependency array  react-hooks/exhaustive-deps
  Line 526:7:  React Hook useCallback has a missing dependency: 'sendDirectMessage'. Either include it or remove the dependency array  react-hooks/exhaustive-deps
  Line 535:7:  React Hook useCallback has a missing dependency: 'sendDirectMessage'. Either include it or remove the dependency array  react-hooks/exhaustive-deps

src\pages\StudioLanding.js
  Line 7:11:  'sessionCount' is assigned a value but never used  no-unused-vars

src\pages\Voyager.js
  Line 18:30:  'setExecutionsPerPage' is assigned a value but never used                                                                                                        no-unused-vars
  Line 88:7:   React Hook useEffect has missing dependencies: 'executionsPage', 'loadTaskExecutions', and 'selectedTaskId'. Either include them or remove the dependency array  react-hooks/exhaustive-deps

Search for the keywords to learn more about each warning.
To ignore, add // eslint-disable-next-line to the line before.

WARNING in [eslint] 
src\components\FinalPresentation.js
  Line 16:11:  'isAudioPlaying' is assigned a value but never used  no-unused-vars

src\components\Sidebar.js
  Line 25:7:  React Hook useEffect has a missing dependency: 'loadSessions'. Either include it or remove the dependency array  react-hooks/exhaustive-deps

src\components\SourceSelection.js
  Line 3:4:  'Settings' is defined but never used  no-unused-vars

src\pages\Articles.js
  Line 90:10:  'isSameLocalDate' is assigned a value but never used  no-unused-vars

src\pages\PodcastDetail.js
  Line 2:21:  'Link' is defined but never used         no-unused-vars
  Line 4:4:   'ChevronDown' is defined but never used  no-unused-vars
  Line 5:4:   'ChevronUp' is defined but never used    no-unused-vars
  Line 6:4:   'Eye' is defined but never used          no-unused-vars
  Line 13:4:  'Users' is defined but never used        no-unused-vars
  Line 16:4:  'Download' is defined but never used     no-unused-vars
  Line 20:4:  'Pause' is defined but never used        no-unused-vars

src\pages\SourceDetail.js
  Line 35:7:  React Hook useEffect has a missing dependency: 'fetchSourceDetail'. Either include it or remove the dependency array  react-hooks/exhaustive-deps

src\pages\Sources.js
  Line 13:20:  'setPerPage' is assigned a value but never used  no-unused-vars

src\pages\StudioChat.js
  Line 16:10:  'navigate' is assigned a value but never used                                                                           no-unused-vars
  Line 32:11:  'showRecordingPlayer' is assigned a value but never used                                                                no-unused-vars
  Line 52:7:   React Hook useEffect has a missing dependency: 'sessionState.stage'. Either include it or remove the dependency array   react-hooks/exhaustive-deps
  Line 72:7:   React Hook useEffect has a missing dependency: 'initializeSession'. Either include it or remove the dependency array    react-hooks/exhaustive-deps
  Line 517:7:  React Hook useCallback has a missing dependency: 'sendDirectMessage'. Either include it or remove the dependency array  react-hooks/exhaustive-deps
  Line 526:7:  React Hook useCallback has a missing dependency: 'sendDirectMessage'. Either include it or remove the dependency array  react-hooks/exhaustive-deps
  Line 535:7:  React Hook useCallback has a missing dependency: 'sendDirectMessage'. Either include it or remove the dependency array  react-hooks/exhaustive-deps

src\pages\StudioLanding.js
  Line 7:11:  'sessionCount' is assigned a value but never used  no-unused-vars

src\pages\Voyager.js
  Line 18:30:  'setExecutionsPerPage' is assigned a value but never used                                                                                                        no-unused-vars
  Line 88:7:   React Hook useEffect has missing dependencies: 'executionsPage', 'loadTaskExecutions', and 'selectedTaskId'. Either include them or remove the dependency array  react-hooks/exhaustive-deps

webpack compiled with 1 warning
Compiling...
Compiled with warnings.

[eslint] 
src\components\FinalPresentation.js
  Line 16:11:  'isAudioPlaying' is assigned a value but never used  no-unused-vars

src\components\Sidebar.js
  Line 25:7:  React Hook useEffect has a missing dependency: 'loadSessions'. Either include it or remove the dependency array  react-hooks/exhaustive-deps

src\components\SourceSelection.js
  Line 3:4:  'Settings' is defined but never used  no-unused-vars

src\pages\Articles.js
  Line 90:10:  'isSameLocalDate' is assigned a value but never used  no-unused-vars

src\pages\SourceDetail.js
  Line 35:7:  React Hook useEffect has a missing dependency: 'fetchSourceDetail'. Either include it or remove the dependency array  react-hooks/exhaustive-deps

src\pages\Sources.js
  Line 13:20:  'setPerPage' is assigned a value but never used  no-unused-vars

src\pages\StudioChat.js
  Line 16:10:  'navigate' is assigned a value but never used                                                                           no-unused-vars
  Line 32:11:  'showRecordingPlayer' is assigned a value but never used                                                                no-unused-vars
  Line 52:7:   React Hook useEffect has a missing dependency: 'sessionState.stage'. Either include it or remove the dependency array   react-hooks/exhaustive-deps
  Line 72:7:   React Hook useEffect has a missing dependency: 'initializeSession'. Either include it or remove the dependency array    react-hooks/exhaustive-deps
  Line 517:7:  React Hook useCallback has a missing dependency: 'sendDirectMessage'. Either include it or remove the dependency array  react-hooks/exhaustive-deps
  Line 526:7:  React Hook useCallback has a missing dependency: 'sendDirectMessage'. Either include it or remove the dependency array  react-hooks/exhaustive-deps
  Line 535:7:  React Hook useCallback has a missing dependency: 'sendDirectMessage'. Either include it or remove the dependency array  react-hooks/exhaustive-deps

src\pages\StudioLanding.js
  Line 7:11:  'sessionCount' is assigned a value but never used  no-unused-vars

src\pages\Voyager.js
  Line 18:30:  'setExecutionsPerPage' is assigned a value but never used                                                                                                        no-unused-vars
  Line 88:7:   React Hook useEffect has missing dependencies: 'executionsPage', 'loadTaskExecutions', and 'selectedTaskId'. Either include them or remove the dependency array  react-hooks/exhaustive-deps

Search for the keywords to learn more about each warning.
To ignore, add // eslint-disable-next-line to the line before.

WARNING in [eslint] 
src\components\FinalPresentation.js
  Line 16:11:  'isAudioPlaying' is assigned a value but never used  no-unused-vars

src\components\Sidebar.js
  Line 25:7:  React Hook useEffect has a missing dependency: 'loadSessions'. Either include it or remove the dependency array  react-hooks/exhaustive-deps

src\components\SourceSelection.js
  Line 3:4:  'Settings' is defined but never used  no-unused-vars

src\pages\Articles.js
  Line 90:10:  'isSameLocalDate' is assigned a value but never used  no-unused-vars

src\pages\SourceDetail.js
  Line 35:7:  React Hook useEffect has a missing dependency: 'fetchSourceDetail'. Either include it or remove the dependency array  react-hooks/exhaustive-deps

src\pages\Sources.js
  Line 13:20:  'setPerPage' is assigned a value but never used  no-unused-vars

src\pages\StudioChat.js
  Line 16:10:  'navigate' is assigned a value but never used                                                                           no-unused-vars
  Line 32:11:  'showRecordingPlayer' is assigned a value but never used                                                                no-unused-vars
  Line 52:7:   React Hook useEffect has a missing dependency: 'sessionState.stage'. Either include it or remove the dependency array   react-hooks/exhaustive-deps
  Line 72:7:   React Hook useEffect has a missing dependency: 'initializeSession'. Either include it or remove the dependency array    react-hooks/exhaustive-deps
  Line 517:7:  React Hook useCallback has a missing dependency: 'sendDirectMessage'. Either include it or remove the dependency array  react-hooks/exhaustive-deps
  Line 526:7:  React Hook useCallback has a missing dependency: 'sendDirectMessage'. Either include it or remove the dependency array  react-hooks/exhaustive-deps
  Line 535:7:  React Hook useCallback has a missing dependency: 'sendDirectMessage'. Either include it or remove the dependency array  react-hooks/exhaustive-deps

src\pages\StudioLanding.js
  Line 7:11:  'sessionCount' is assigned a value but never used  no-unused-vars

src\pages\Voyager.js
  Line 18:30:  'setExecutionsPerPage' is assigned a value but never used                                                                                                        no-unused-vars
  Line 88:7:   React Hook useEffect has missing dependencies: 'executionsPage', 'loadTaskExecutions', and 'selectedTaskId'. Either include them or remove the dependency array  react-hooks/exhaustive-deps

webpack compiled with 1 warning
Compiling...
Compiled with warnings.

[eslint] 
src\components\FinalPresentation.js
  Line 16:11:  'isAudioPlaying' is assigned a value but never used  no-unused-vars

src\components\Sidebar.js
  Line 25:7:  React Hook useEffect has a missing dependency: 'loadSessions'. Either include it or remove the dependency array  react-hooks/exhaustive-deps

src\pages\Articles.js
  Line 90:10:  'isSameLocalDate' is assigned a value but never used  no-unused-vars

src\pages\SourceDetail.js
  Line 35:7:  React Hook useEffect has a missing dependency: 'fetchSourceDetail'. Either include it or remove the dependency array  react-hooks/exhaustive-deps

src\pages\Sources.js
  Line 13:20:  'setPerPage' is assigned a value but never used  no-unused-vars

src\pages\StudioChat.js
  Line 16:10:  'navigate' is assigned a value but never used                                                                           no-unused-vars
  Line 32:11:  'showRecordingPlayer' is assigned a value but never used                                                                no-unused-vars
  Line 52:7:   React Hook useEffect has a missing dependency: 'sessionState.stage'. Either include it or remove the dependency array   react-hooks/exhaustive-deps
  Line 72:7:   React Hook useEffect has a missing dependency: 'initializeSession'. Either include it or remove the dependency array    react-hooks/exhaustive-deps
  Line 517:7:  React Hook useCallback has a missing dependency: 'sendDirectMessage'. Either include it or remove the dependency array  react-hooks/exhaustive-deps
  Line 526:7:  React Hook useCallback has a missing dependency: 'sendDirectMessage'. Either include it or remove the dependency array  react-hooks/exhaustive-deps
  Line 535:7:  React Hook useCallback has a missing dependency: 'sendDirectMessage'. Either include it or remove the dependency array  react-hooks/exhaustive-deps

src\pages\StudioLanding.js
  Line 7:11:  'sessionCount' is assigned a value but never used  no-unused-vars

src\pages\Voyager.js
  Line 18:30:  'setExecutionsPerPage' is assigned a value but never used                                                                                                        no-unused-vars
  Line 88:7:   React Hook useEffect has missing dependencies: 'executionsPage', 'loadTaskExecutions', and 'selectedTaskId'. Either include them or remove the dependency array  react-hooks/exhaustive-deps

Search for the keywords to learn more about each warning.
To ignore, add // eslint-disable-next-line to the line before.

WARNING in [eslint] 
src\components\FinalPresentation.js
  Line 16:11:  'isAudioPlaying' is assigned a value but never used  no-unused-vars

src\components\Sidebar.js
  Line 25:7:  React Hook useEffect has a missing dependency: 'loadSessions'. Either include it or remove the dependency array  react-hooks/exhaustive-deps

src\pages\Articles.js
  Line 90:10:  'isSameLocalDate' is assigned a value but never used  no-unused-vars

src\pages\SourceDetail.js
  Line 35:7:  React Hook useEffect has a missing dependency: 'fetchSourceDetail'. Either include it or remove the dependency array  react-hooks/exhaustive-deps

src\pages\Sources.js
  Line 13:20:  'setPerPage' is assigned a value but never used  no-unused-vars

src\pages\StudioChat.js
  Line 16:10:  'navigate' is assigned a value but never used                                                                           no-unused-vars
  Line 32:11:  'showRecordingPlayer' is assigned a value but never used                                                                no-unused-vars
  Line 52:7:   React Hook useEffect has a missing dependency: 'sessionState.stage'. Either include it or remove the dependency array   react-hooks/exhaustive-deps
  Line 72:7:   React Hook useEffect has a missing dependency: 'initializeSession'. Either include it or remove the dependency array    react-hooks/exhaustive-deps
  Line 517:7:  React Hook useCallback has a missing dependency: 'sendDirectMessage'. Either include it or remove the dependency array  react-hooks/exhaustive-deps
  Line 526:7:  React Hook useCallback has a missing dependency: 'sendDirectMessage'. Either include it or remove the dependency array  react-hooks/exhaustive-deps
  Line 535:7:  React Hook useCallback has a missing dependency: 'sendDirectMessage'. Either include it or remove the dependency array  react-hooks/exhaustive-deps

src\pages\StudioLanding.js
  Line 7:11:  'sessionCount' is assigned a value but never used  no-unused-vars

src\pages\Voyager.js
  Line 18:30:  'setExecutionsPerPage' is assigned a value but never used                                                                                                        no-unused-vars
  Line 88:7:   React Hook useEffect has missing dependencies: 'executionsPage', 'loadTaskExecutions', and 'selectedTaskId'. Either include them or remove the dependency array  react-hooks/exhaustive-deps

webpack compiled with 1 warning
Compiling...
Compiled with warnings.

[eslint] 
src\components\FinalPresentation.js
  Line 16:11:  'isAudioPlaying' is assigned a value but never used  no-unused-vars

src\components\Sidebar.js
  Line 25:7:  React Hook useEffect has a missing dependency: 'loadSessions'. Either include it or remove the dependency array  react-hooks/exhaustive-deps

src\pages\SourceDetail.js
  Line 35:7:  React Hook useEffect has a missing dependency: 'fetchSourceDetail'. Either include it or remove the dependency array  react-hooks/exhaustive-deps

src\pages\Sources.js
  Line 13:20:  'setPerPage' is assigned a value but never used  no-unused-vars

src\pages\StudioChat.js
  Line 16:10:  'navigate' is assigned a value but never used                                                                           no-unused-vars
  Line 32:11:  'showRecordingPlayer' is assigned a value but never used                                                                no-unused-vars
  Line 52:7:   React Hook useEffect has a missing dependency: 'sessionState.stage'. Either include it or remove the dependency array   react-hooks/exhaustive-deps
  Line 72:7:   React Hook useEffect has a missing dependency: 'initializeSession'. Either include it or remove the dependency array    react-hooks/exhaustive-deps
  Line 517:7:  React Hook useCallback has a missing dependency: 'sendDirectMessage'. Either include it or remove the dependency array  react-hooks/exhaustive-deps
  Line 526:7:  React Hook useCallback has a missing dependency: 'sendDirectMessage'. Either include it or remove the dependency array  react-hooks/exhaustive-deps
  Line 535:7:  React Hook useCallback has a missing dependency: 'sendDirectMessage'. Either include it or remove the dependency array  react-hooks/exhaustive-deps

src\pages\StudioLanding.js
  Line 7:11:  'sessionCount' is assigned a value but never used  no-unused-vars

src\pages\Voyager.js
  Line 18:30:  'setExecutionsPerPage' is assigned a value but never used                                                                                                        no-unused-vars
  Line 88:7:   React Hook useEffect has missing dependencies: 'executionsPage', 'loadTaskExecutions', and 'selectedTaskId'. Either include them or remove the dependency array  react-hooks/exhaustive-deps

Search for the keywords to learn more about each warning.
To ignore, add // eslint-disable-next-line to the line before.

WARNING in [eslint] 
src\components\FinalPresentation.js
  Line 16:11:  'isAudioPlaying' is assigned a value but never used  no-unused-vars

src\components\Sidebar.js
  Line 25:7:  React Hook useEffect has a missing dependency: 'loadSessions'. Either include it or remove the dependency array  react-hooks/exhaustive-deps

src\pages\SourceDetail.js
  Line 35:7:  React Hook useEffect has a missing dependency: 'fetchSourceDetail'. Either include it or remove the dependency array  react-hooks/exhaustive-deps

src\pages\Sources.js
  Line 13:20:  'setPerPage' is assigned a value but never used  no-unused-vars

src\pages\StudioChat.js
  Line 16:10:  'navigate' is assigned a value but never used                                                                           no-unused-vars
  Line 32:11:  'showRecordingPlayer' is assigned a value but never used                                                                no-unused-vars
  Line 52:7:   React Hook useEffect has a missing dependency: 'sessionState.stage'. Either include it or remove the dependency array   react-hooks/exhaustive-deps
  Line 72:7:   React Hook useEffect has a missing dependency: 'initializeSession'. Either include it or remove the dependency array    react-hooks/exhaustive-deps
  Line 517:7:  React Hook useCallback has a missing dependency: 'sendDirectMessage'. Either include it or remove the dependency array  react-hooks/exhaustive-deps
  Line 526:7:  React Hook useCallback has a missing dependency: 'sendDirectMessage'. Either include it or remove the dependency array  react-hooks/exhaustive-deps
  Line 535:7:  React Hook useCallback has a missing dependency: 'sendDirectMessage'. Either include it or remove the dependency array  react-hooks/exhaustive-deps

src\pages\StudioLanding.js
  Line 7:11:  'sessionCount' is assigned a value but never used  no-unused-vars

src\pages\Voyager.js
  Line 18:30:  'setExecutionsPerPage' is assigned a value but never used                                                                                                        no-unused-vars
  Line 88:7:   React Hook useEffect has missing dependencies: 'executionsPage', 'loadTaskExecutions', and 'selectedTaskId'. Either include them or remove the dependency array  react-hooks/exhaustive-deps

webpack compiled with 1 warning
Compiling...
Compiled with warnings.

[eslint] 
src\components\FinalPresentation.js
  Line 16:11:  'isAudioPlaying' is assigned a value but never used  no-unused-vars

src\components\Sidebar.js
  Line 25:7:  React Hook useEffect has a missing dependency: 'loadSessions'. Either include it or remove the dependency array  react-hooks/exhaustive-deps

src\pages\SourceDetail.js
  Line 35:7:  React Hook useEffect has a missing dependency: 'fetchSourceDetail'. Either include it or remove the dependency array  react-hooks/exhaustive-deps

src\pages\StudioChat.js
  Line 16:10:  'navigate' is assigned a value but never used                                                                           no-unused-vars
  Line 32:11:  'showRecordingPlayer' is assigned a value but never used                                                                no-unused-vars
  Line 52:7:   React Hook useEffect has a missing dependency: 'sessionState.stage'. Either include it or remove the dependency array   react-hooks/exhaustive-deps
  Line 72:7:   React Hook useEffect has a missing dependency: 'initializeSession'. Either include it or remove the dependency array    react-hooks/exhaustive-deps
  Line 517:7:  React Hook useCallback has a missing dependency: 'sendDirectMessage'. Either include it or remove the dependency array  react-hooks/exhaustive-deps
  Line 526:7:  React Hook useCallback has a missing dependency: 'sendDirectMessage'. Either include it or remove the dependency array  react-hooks/exhaustive-deps
  Line 535:7:  React Hook useCallback has a missing dependency: 'sendDirectMessage'. Either include it or remove the dependency array  react-hooks/exhaustive-deps

src\pages\StudioLanding.js
  Line 7:11:  'sessionCount' is assigned a value but never used  no-unused-vars

src\pages\Voyager.js
  Line 18:30:  'setExecutionsPerPage' is assigned a value but never used                                                                                                        no-unused-vars
  Line 88:7:   React Hook useEffect has missing dependencies: 'executionsPage', 'loadTaskExecutions', and 'selectedTaskId'. Either include them or remove the dependency array  react-hooks/exhaustive-deps

Search for the keywords to learn more about each warning.
To ignore, add // eslint-disable-next-line to the line before.

WARNING in [eslint] 
src\components\FinalPresentation.js
  Line 16:11:  'isAudioPlaying' is assigned a value but never used  no-unused-vars

src\components\Sidebar.js
  Line 25:7:  React Hook useEffect has a missing dependency: 'loadSessions'. Either include it or remove the dependency array  react-hooks/exhaustive-deps

src\pages\SourceDetail.js
  Line 35:7:  React Hook useEffect has a missing dependency: 'fetchSourceDetail'. Either include it or remove the dependency array  react-hooks/exhaustive-deps

src\pages\StudioChat.js
  Line 16:10:  'navigate' is assigned a value but never used                                                                           no-unused-vars
  Line 32:11:  'showRecordingPlayer' is assigned a value but never used                                                                no-unused-vars
  Line 52:7:   React Hook useEffect has a missing dependency: 'sessionState.stage'. Either include it or remove the dependency array   react-hooks/exhaustive-deps
  Line 72:7:   React Hook useEffect has a missing dependency: 'initializeSession'. Either include it or remove the dependency array    react-hooks/exhaustive-deps
  Line 517:7:  React Hook useCallback has a missing dependency: 'sendDirectMessage'. Either include it or remove the dependency array  react-hooks/exhaustive-deps
  Line 526:7:  React Hook useCallback has a missing dependency: 'sendDirectMessage'. Either include it or remove the dependency array  react-hooks/exhaustive-deps
  Line 535:7:  React Hook useCallback has a missing dependency: 'sendDirectMessage'. Either include it or remove the dependency array  react-hooks/exhaustive-deps

src\pages\StudioLanding.js
  Line 7:11:  'sessionCount' is assigned a value but never used  no-unused-vars

src\pages\Voyager.js
  Line 18:30:  'setExecutionsPerPage' is assigned a value but never used                                                                                                        no-unused-vars
  Line 88:7:   React Hook useEffect has missing dependencies: 'executionsPage', 'loadTaskExecutions', and 'selectedTaskId'. Either include them or remove the dependency array  react-hooks/exhaustive-deps

webpack compiled with 1 warning
Compiling...
Compiled with warnings.

[eslint] 
src\components\FinalPresentation.js
  Line 16:11:  'isAudioPlaying' is assigned a value but never used  no-unused-vars

src\components\Sidebar.js
  Line 25:7:  React Hook useEffect has a missing dependency: 'loadSessions'. Either include it or remove the dependency array  react-hooks/exhaustive-deps

src\pages\SourceDetail.js
  Line 35:7:  React Hook useEffect has a missing dependency: 'fetchSourceDetail'. Either include it or remove the dependency array  react-hooks/exhaustive-deps

src\pages\StudioChat.js
  Line 16:10:  'navigate' is assigned a value but never used                                                                           no-unused-vars
  Line 32:11:  'showRecordingPlayer' is assigned a value but never used                                                                no-unused-vars
  Line 52:7:   React Hook useEffect has a missing dependency: 'sessionState.stage'. Either include it or remove the dependency array   react-hooks/exhaustive-deps
  Line 72:7:   React Hook useEffect has a missing dependency: 'initializeSession'. Either include it or remove the dependency array    react-hooks/exhaustive-deps
  Line 517:7:  React Hook useCallback has a missing dependency: 'sendDirectMessage'. Either include it or remove the dependency array  react-hooks/exhaustive-deps
  Line 526:7:  React Hook useCallback has a missing dependency: 'sendDirectMessage'. Either include it or remove the dependency array  react-hooks/exhaustive-deps
  Line 535:7:  React Hook useCallback has a missing dependency: 'sendDirectMessage'. Either include it or remove the dependency array  react-hooks/exhaustive-deps

src\pages\StudioLanding.js
  Line 7:11:  'sessionCount' is assigned a value but never used  no-unused-vars

Search for the keywords to learn more about each warning.
To ignore, add // eslint-disable-next-line to the line before.

WARNING in [eslint] 
src\components\FinalPresentation.js
  Line 16:11:  'isAudioPlaying' is assigned a value but never used  no-unused-vars

src\components\Sidebar.js
  Line 25:7:  React Hook useEffect has a missing dependency: 'loadSessions'. Either include it or remove the dependency array  react-hooks/exhaustive-deps

src\pages\SourceDetail.js
  Line 35:7:  React Hook useEffect has a missing dependency: 'fetchSourceDetail'. Either include it or remove the dependency array  react-hooks/exhaustive-deps

src\pages\StudioChat.js
  Line 16:10:  'navigate' is assigned a value but never used                                                                           no-unused-vars
  Line 32:11:  'showRecordingPlayer' is assigned a value but never used                                                                no-unused-vars
  Line 52:7:   React Hook useEffect has a missing dependency: 'sessionState.stage'. Either include it or remove the dependency array   react-hooks/exhaustive-deps
  Line 72:7:   React Hook useEffect has a missing dependency: 'initializeSession'. Either include it or remove the dependency array    react-hooks/exhaustive-deps
  Line 517:7:  React Hook useCallback has a missing dependency: 'sendDirectMessage'. Either include it or remove the dependency array  react-hooks/exhaustive-deps
  Line 526:7:  React Hook useCallback has a missing dependency: 'sendDirectMessage'. Either include it or remove the dependency array  react-hooks/exhaustive-deps
  Line 535:7:  React Hook useCallback has a missing dependency: 'sendDirectMessage'. Either include it or remove the dependency array  react-hooks/exhaustive-deps

src\pages\StudioLanding.js
  Line 7:11:  'sessionCount' is assigned a value but never used  no-unused-vars

webpack compiled with 1 warning
Compiling...
Compiled with warnings.

[eslint] 
src\components\Sidebar.js
  Line 25:7:  React Hook useEffect has a missing dependency: 'loadSessions'. Either include it or remove the dependency array  react-hooks/exhaustive-deps

src\pages\SourceDetail.js
  Line 35:7:  React Hook useEffect has a missing dependency: 'fetchSourceDetail'. Either include it or remove the dependency array  react-hooks/exhaustive-deps

src\pages\StudioChat.js
  Line 16:10:  'navigate' is assigned a value but never used                                                                           no-unused-vars
  Line 32:11:  'showRecordingPlayer' is assigned a value but never used                                                                no-unused-vars
  Line 52:7:   React Hook useEffect has a missing dependency: 'sessionState.stage'. Either include it or remove the dependency array   react-hooks/exhaustive-deps
  Line 72:7:   React Hook useEffect has a missing dependency: 'initializeSession'. Either include it or remove the dependency array    react-hooks/exhaustive-deps
  Line 517:7:  React Hook useCallback has a missing dependency: 'sendDirectMessage'. Either include it or remove the dependency array  react-hooks/exhaustive-deps
  Line 526:7:  React Hook useCallback has a missing dependency: 'sendDirectMessage'. Either include it or remove the dependency array  react-hooks/exhaustive-deps
  Line 535:7:  React Hook useCallback has a missing dependency: 'sendDirectMessage'. Either include it or remove the dependency array  react-hooks/exhaustive-deps

src\pages\StudioLanding.js
  Line 7:11:  'sessionCount' is assigned a value but never used  no-unused-vars

Search for the keywords to learn more about each warning.
To ignore, add // eslint-disable-next-line to the line before.

WARNING in [eslint] 
src\components\Sidebar.js
  Line 25:7:  React Hook useEffect has a missing dependency: 'loadSessions'. Either include it or remove the dependency array  react-hooks/exhaustive-deps

src\pages\SourceDetail.js
  Line 35:7:  React Hook useEffect has a missing dependency: 'fetchSourceDetail'. Either include it or remove the dependency array  react-hooks/exhaustive-deps

src\pages\StudioChat.js
  Line 16:10:  'navigate' is assigned a value but never used                                                                           no-unused-vars
  Line 32:11:  'showRecordingPlayer' is assigned a value but never used                                                                no-unused-vars
  Line 52:7:   React Hook useEffect has a missing dependency: 'sessionState.stage'. Either include it or remove the dependency array   react-hooks/exhaustive-deps
  Line 72:7:   React Hook useEffect has a missing dependency: 'initializeSession'. Either include it or remove the dependency array    react-hooks/exhaustive-deps
  Line 517:7:  React Hook useCallback has a missing dependency: 'sendDirectMessage'. Either include it or remove the dependency array  react-hooks/exhaustive-deps
  Line 526:7:  React Hook useCallback has a missing dependency: 'sendDirectMessage'. Either include it or remove the dependency array  react-hooks/exhaustive-deps
  Line 535:7:  React Hook useCallback has a missing dependency: 'sendDirectMessage'. Either include it or remove the dependency array  react-hooks/exhaustive-deps

src\pages\StudioLanding.js
  Line 7:11:  'sessionCount' is assigned a value but never used  no-unused-vars

webpack compiled with 1 warning
Compiling...
Compiled with warnings.

[eslint] 
src\components\Sidebar.js
  Line 25:7:  React Hook useEffect has a missing dependency: 'loadSessions'. Either include it or remove the dependency array  react-hooks/exhaustive-deps

src\pages\SourceDetail.js
  Line 35:7:  React Hook useEffect has a missing dependency: 'fetchSourceDetail'. Either include it or remove the dependency array  react-hooks/exhaustive-deps

src\pages\StudioChat.js
  Line 16:10:  'navigate' is assigned a value but never used                                                                           no-unused-vars
  Line 32:11:  'showRecordingPlayer' is assigned a value but never used                                                                no-unused-vars
  Line 52:7:   React Hook useEffect has a missing dependency: 'sessionState.stage'. Either include it or remove the dependency array   react-hooks/exhaustive-deps
  Line 72:7:   React Hook useEffect has a missing dependency: 'initializeSession'. Either include it or remove the dependency array    react-hooks/exhaustive-deps
  Line 517:7:  React Hook useCallback has a missing dependency: 'sendDirectMessage'. Either include it or remove the dependency array  react-hooks/exhaustive-deps
  Line 526:7:  React Hook useCallback has a missing dependency: 'sendDirectMessage'. Either include it or remove the dependency array  react-hooks/exhaustive-deps
  Line 535:7:  React Hook useCallback has a missing dependency: 'sendDirectMessage'. Either include it or remove the dependency array  react-hooks/exhaustive-deps

src\pages\StudioLanding.js
  Line 15:19:  'response' is assigned a value but never used  no-unused-vars

Search for the keywords to learn more about each warning.
To ignore, add // eslint-disable-next-line to the line before.

WARNING in [eslint] 
src\components\Sidebar.js
  Line 25:7:  React Hook useEffect has a missing dependency: 'loadSessions'. Either include it or remove the dependency array  react-hooks/exhaustive-deps

src\pages\SourceDetail.js
  Line 35:7:  React Hook useEffect has a missing dependency: 'fetchSourceDetail'. Either include it or remove the dependency array  react-hooks/exhaustive-deps

src\pages\StudioChat.js
  Line 16:10:  'navigate' is assigned a value but never used                                                                           no-unused-vars
  Line 32:11:  'showRecordingPlayer' is assigned a value but never used                                                                no-unused-vars
  Line 52:7:   React Hook useEffect has a missing dependency: 'sessionState.stage'. Either include it or remove the dependency array   react-hooks/exhaustive-deps
  Line 72:7:   React Hook useEffect has a missing dependency: 'initializeSession'. Either include it or remove the dependency array    react-hooks/exhaustive-deps
  Line 517:7:  React Hook useCallback has a missing dependency: 'sendDirectMessage'. Either include it or remove the dependency array  react-hooks/exhaustive-deps
  Line 526:7:  React Hook useCallback has a missing dependency: 'sendDirectMessage'. Either include it or remove the dependency array  react-hooks/exhaustive-deps
  Line 535:7:  React Hook useCallback has a missing dependency: 'sendDirectMessage'. Either include it or remove the dependency array  react-hooks/exhaustive-deps

src\pages\StudioLanding.js
  Line 15:19:  'response' is assigned a value but never used  no-unused-vars

webpack compiled with 1 warning
Compiling...
Compiled with warnings.

[eslint] 
src\components\Sidebar.js
  Line 25:7:  React Hook useEffect has a missing dependency: 'loadSessions'. Either include it or remove the dependency array  react-hooks/exhaustive-deps

src\pages\SourceDetail.js
  Line 35:7:  React Hook useEffect has a missing dependency: 'fetchSourceDetail'. Either include it or remove the dependency array  react-hooks/exhaustive-deps

src\pages\StudioLanding.js
  Line 15:19:  'response' is assigned a value but never used  no-unused-vars

Search for the keywords to learn more about each warning.
To ignore, add // eslint-disable-next-line to the line before.

WARNING in [eslint] 
src\components\Sidebar.js
  Line 25:7:  React Hook useEffect has a missing dependency: 'loadSessions'. Either include it or remove the dependency array  react-hooks/exhaustive-deps

src\pages\SourceDetail.js
  Line 35:7:  React Hook useEffect has a missing dependency: 'fetchSourceDetail'. Either include it or remove the dependency array  react-hooks/exhaustive-deps

src\pages\StudioLanding.js
  Line 15:19:  'response' is assigned a value but never used  no-unused-vars

webpack compiled with 1 warning
Compiling...
Compiled with warnings.

[eslint] 
src\pages\SourceDetail.js
  Line 35:7:  React Hook useEffect has a missing dependency: 'fetchSourceDetail'. Either include it or remove the dependency array  react-hooks/exhaustive-deps

src\pages\StudioLanding.js
  Line 15:19:  'response' is assigned a value but never used  no-unused-vars

Search for the keywords to learn more about each warning.
To ignore, add // eslint-disable-next-line to the line before.

WARNING in [eslint] 
src\pages\SourceDetail.js
  Line 35:7:  React Hook useEffect has a missing dependency: 'fetchSourceDetail'. Either include it or remove the dependency array  react-hooks/exhaustive-deps

src\pages\StudioLanding.js
  Line 15:19:  'response' is assigned a value but never used  no-unused-vars

webpack compiled with 1 warning
Compiling...
Compiled with warnings.

[eslint] 
src\pages\StudioLanding.js
  Line 15:19:  'response' is assigned a value but never used  no-unused-vars

Search for the keywords to learn more about each warning.
To ignore, add // eslint-disable-next-line to the line before.

WARNING in [eslint] 
src\pages\StudioLanding.js
  Line 15:19:  'response' is assigned a value but never used  no-unused-vars

webpack compiled with 1 warning
Compiling...
Compiled successfully!
webpack compiled successfully
Compiling...
Compiled successfully!
webpack compiled successfully
